// Jest Snapshot v1, https://goo.gl/fbAQLP

exports[`SVG Components Tests ActualSvgComponent should render with valid SVG path 1`] = `"MockSvg-58x58-1"`;

exports[`SVG Components Tests Individual SVG Components should render BedtimeSvg component 1`] = `"MockSvg-58x58-1"`;

exports[`SVG Components Tests Individual SVG Components should render CloudSvg component 1`] = `"MockSvg-120x60-0.8"`;

exports[`SVG Components Tests Individual SVG Components should render EmotionsSvg component 1`] = `"MockSvg-58x58-1"`;

exports[`SVG Components Tests Individual SVG Components should render ScreentimeSvg component 1`] = `"MockSvg-58x58-1"`;

exports[`SVG Components Tests Individual SVG Components should render SensorySvg component 1`] = `"MockSvg-58x58-1"`;

exports[`SVG Components Tests Individual SVG Components should render StoriesSvg component 1`] = `"MockSvg-58x58-1"`;
